// Jest Snapshot v1, https://goo.gl/fbAQLP

exports[`Render Calculator correctly 1`] = `
Array [
  <h2
    className="subtitle"
  >
    Lest do some Math
  </h2>,
  <div
    className="calculator-grid"
  >
    <div
      className="output"
    >
      0
      
      
    </div>
    <div
      className="row"
    >
      <button
        className="button"
        onClick={[Function]}
        type="button"
      >
        AC
      </button>
      <button
        className="button"
        onClick={[Function]}
        type="button"
      >
        +/-
      </button>
      <button
        className="button"
        onClick={[Function]}
        type="button"
      >
        %
      </button>
      <button
        className="button"
        onClick={[Function]}
        type="button"
      >
        รท
      </button>
      <button
        className="button"
        onClick={[Function]}
        type="button"
      >
        7
      </button>
      <button
        className="button"
        onClick={[Function]}
        type="button"
      >
        8
      </button>
      <button
        className="button"
        onClick={[Function]}
        type="button"
      >
        9
      </button>
      <button
        className="button"
        onClick={[Function]}
        type="button"
      >
        x
      </button>
      <button
        className="button"
        onClick={[Function]}
        type="button"
      >
        4
      </button>
      <button
        className="button"
        onClick={[Function]}
        type="button"
      >
        5
      </button>
      <button
        className="button"
        onClick={[Function]}
        type="button"
      >
        6
      </button>
      <button
        className="button"
        onClick={[Function]}
        type="button"
      >
        -
      </button>
      <button
        className="button"
        onClick={[Function]}
        type="button"
      >
        1
      </button>
      <button
        className="button"
        onClick={[Function]}
        type="button"
      >
        2
      </button>
      <button
        className="button"
        onClick={[Function]}
        type="button"
      >
        3
      </button>
      <button
        className="button"
        onClick={[Function]}
        type="button"
      >
        +
      </button>
      <button
        className="button span-2"
        onClick={[Function]}
        type="button"
      >
        0
      </button>
      <button
        className="button"
        onClick={[Function]}
        type="button"
      >
        .
      </button>
      <button
        className="button"
        onClick={[Function]}
        type="button"
      >
        =
      </button>
    </div>
  </div>,
]
`;
